// Jest Snapshot v1, https://goo.gl/fbAQLP

exports[`<HomeScreen /> renders correctly 1`] = `
Array [
  <RCTSafeAreaView
    emulateUnlessSupported={true}
    style={
      Array [
        Object {
          "backgroundColor": "#01b4e4",
          "elevation": 4,
          "zIndex": 0,
        },
        Object {
          "shadowColor": "#000000",
          "shadowOffset": Object {
            "height": 3,
            "width": 0,
          },
          "shadowOpacity": 0.24,
          "shadowRadius": 4,
        },
      ]
    }
  >
    <View
      style={
        Object {
          "alignItems": "center",
          "backgroundColor": "#01b4e4",
          "elevation": 0,
          "flexDirection": "row",
          "height": 56,
          "marginTop": 0,
          "paddingHorizontal": 4,
        }
      }
    >
      <View
        style={
          Object {
            "width": 48,
          }
        }
      />
      <View
        accessible={true}
        focusable={false}
        onClick={[Function]}
        onResponderGrant={[Function]}
        onResponderMove={[Function]}
        onResponderRelease={[Function]}
        onResponderTerminate={[Function]}
        onResponderTerminationRequest={[Function]}
        onStartShouldSetResponder={[Function]}
        style={
          Array [
            Object {
              "flex": 1,
              "paddingHorizontal": 12,
            },
            Array [
              false,
              Object {
                "alignItems": "center",
              },
              undefined,
            ],
          ]
        }
      >
        <Text
          accessibilityRole="header"
          accessibilityTraits="header"
          accessible={true}
          numberOfLines={1}
          style={
            Array [
              Object {
                "color": "#000000",
                "fontFamily": "System",
                "fontWeight": "400",
                "textAlign": "left",
              },
              Array [
                Object {
                  "color": "#ffffff",
                  "fontFamily": "System",
                  "fontWeight": "400",
                },
                Object {
                  "fontSize": 17,
                },
                undefined,
              ],
            ]
          }
        >
          Movie Catalogue
        </Text>
      </View>
      <View
        style={
          Object {
            "width": 48,
          }
        }
      />
    </View>
  </RCTSafeAreaView>,
  <View
    style={
      Object {
        "alignItems": "center",
        "backgroundColor": "#fff",
        "flex": 1,
        "justifyContent": "flex-start",
      }
    }
  >
    <View
      style={
        Object {
          "alignItems": "center",
          "backgroundColor": "#ffffff",
          "borderRadius": 4,
          "elevation": 4,
          "flexDirection": "row",
          "marginTop": "5%",
          "shadowColor": "#000000",
          "shadowOffset": Object {
            "height": 3,
            "width": 0,
          },
          "shadowOpacity": 0.24,
          "shadowRadius": 4,
          "width": "88%",
        }
      }
    >
      <View
        accessibilityLabel="search"
        accessibilityRole="button"
        accessibilityState={
          Object {
            "disabled": undefined,
          }
        }
        accessible={true}
        focusable={false}
        hitSlop={
          Object {
            "bottom": 6,
            "left": 6,
            "right": 6,
            "top": 6,
          }
        }
        onClick={[Function]}
        onResponderGrant={[Function]}
        onResponderMove={[Function]}
        onResponderRelease={[Function]}
        onResponderTerminate={[Function]}
        onResponderTerminationRequest={[Function]}
        onStartShouldSetResponder={[Function]}
        style={
          Array [
            Object {
              "overflow": "hidden",
            },
            Array [
              Object {
                "alignItems": "center",
                "justifyContent": "center",
                "margin": 6,
                "overflow": "hidden",
              },
              Object {
                "borderRadius": 18,
                "height": 36,
                "width": 36,
              },
              undefined,
              undefined,
            ],
          ]
        }
      >
        <View>
          <Text
            accessibilityElementsHidden={true}
            allowFontScaling={false}
            importantForAccessibility="no-hide-descendants"
            pointerEvents="none"
            style={
              Array [
                Object {
                  "color": "rgba(0, 0, 0, 0.54)",
                  "fontSize": 24,
                },
                Array [
                  Object {
                    "transform": Array [
                      Object {
                        "scaleX": 1,
                      },
                    ],
                  },
                  Object {
                    "backgroundColor": "transparent",
                  },
                ],
                Object {
                  "fontFamily": "material-community",
                  "fontStyle": "normal",
                  "fontWeight": "normal",
                },
                Object {},
              ]
            }
          >
            
          </Text>
        </View>
      </View>
      <TextInput
        accessibilityRole="search"
        accessibilityTraits="search"
        allowFontScaling={true}
        autoFocus={false}
        blurOnSubmit={true}
        keyboardAppearance="light"
        onChangeText={[Function]}
        onSubmitEditing={[Function]}
        placeholder="Movie name"
        placeholderTextColor="rgba(0, 0, 0, 0.54)"
        rejectResponderTermination={true}
        returnKeyType="search"
        selectionColor="#6200ee"
        style={
          Array [
            Object {
              "alignSelf": "stretch",
              "flex": 1,
              "fontSize": 18,
              "minWidth": 0,
              "paddingLeft": 8,
              "textAlign": "left",
            },
            Object {
              "color": "#000000",
              "fontFamily": "System",
              "fontWeight": "400",
            },
            undefined,
          ]
        }
        testID="search-bar"
        underlineColorAndroid="transparent"
        value="Matrix"
      />
      <View
        accessibilityLabel="clear"
        accessibilityRole="button"
        accessibilityState={
          Object {
            "disabled": false,
          }
        }
        accessible={true}
        focusable={true}
        hitSlop={
          Object {
            "bottom": 6,
            "left": 6,
            "right": 6,
            "top": 6,
          }
        }
        onClick={[Function]}
        onResponderGrant={[Function]}
        onResponderMove={[Function]}
        onResponderRelease={[Function]}
        onResponderTerminate={[Function]}
        onResponderTerminationRequest={[Function]}
        onStartShouldSetResponder={[Function]}
        style={
          Array [
            Object {
              "overflow": "hidden",
            },
            Array [
              Object {
                "alignItems": "center",
                "justifyContent": "center",
                "margin": 6,
                "overflow": "hidden",
              },
              Object {
                "borderRadius": 18,
                "height": 36,
                "width": 36,
              },
              false,
              undefined,
            ],
          ]
        }
      >
        <View>
          <Text
            accessibilityElementsHidden={true}
            allowFontScaling={false}
            importantForAccessibility="no-hide-descendants"
            pointerEvents="none"
            style={
              Array [
                Object {
                  "color": "rgba(0, 0, 0, 0.54)",
                  "fontSize": 24,
                },
                Array [
                  Object {
                    "transform": Array [
                      Object {
                        "scaleX": 1,
                      },
                    ],
                  },
                  Object {
                    "backgroundColor": "transparent",
                  },
                ],
                Object {
                  "fontFamily": "material-community",
                  "fontStyle": "normal",
                  "fontWeight": "normal",
                },
                Object {},
              ]
            }
          >
            
          </Text>
        </View>
      </View>
    </View>
    <View
      style={
        Object {
          "backgroundColor": "#01b4e4",
          "borderColor": "transparent",
          "borderRadius": 4,
          "borderStyle": "solid",
          "borderWidth": 0,
          "elevation": 2,
          "marginTop": "3%",
          "minWidth": 64,
          "shadowColor": "#000000",
          "shadowOffset": Object {
            "height": 0.75,
            "width": 0,
          },
          "shadowOpacity": 0.24,
          "shadowRadius": 1.5,
          "width": "88%",
        }
      }
    >
      <View
        accessibilityRole="button"
        accessibilityState={
          Object {
            "disabled": undefined,
          }
        }
        accessible={true}
        focusable={true}
        onClick={[Function]}
        onResponderGrant={[Function]}
        onResponderMove={[Function]}
        onResponderRelease={[Function]}
        onResponderTerminate={[Function]}
        onResponderTerminationRequest={[Function]}
        onStartShouldSetResponder={[Function]}
        style={
          Array [
            Object {
              "overflow": "hidden",
            },
            Object {
              "borderRadius": 4,
            },
          ]
        }
      >
        <View
          style={
            Array [
              Object {
                "alignItems": "center",
                "flexDirection": "row",
                "justifyContent": "center",
              },
              undefined,
            ]
          }
        >
          <Text
            numberOfLines={1}
            style={
              Array [
                Object {
                  "color": "#000000",
                  "fontFamily": "System",
                  "fontWeight": "400",
                  "textAlign": "left",
                },
                Array [
                  Object {
                    "letterSpacing": 1,
                    "marginHorizontal": 16,
                    "marginVertical": 9,
                    "textAlign": "center",
                  },
                  undefined,
                  Object {
                    "textTransform": "uppercase",
                  },
                  Object {
                    "color": "#000000",
                    "fontFamily": "System",
                    "fontWeight": "500",
                  },
                  Object {
                    "fontFamily": "System",
                    "fontWeight": "500",
                  },
                  undefined,
                ],
              ]
            }
          >
            Search
          </Text>
        </View>
      </View>
    </View>
    <View
      style={
        Object {
          "height": "76%",
          "width": "88%",
        }
      }
    >
      <View
        style={
          Array [
            Object {
              "marginVertical": 8,
            },
            undefined,
          ]
        }
        theme={
          Object {
            "animation": Object {
              "scale": 1,
            },
            "colors": Object {
              "accent": "#03dac4",
              "backdrop": "rgba(0, 0, 0, 0.5)",
              "background": "#f6f6f6",
              "disabled": "rgba(0, 0, 0, 0.26)",
              "error": "#B00020",
              "notification": "#f50057",
              "onBackground": "#000000",
              "onSurface": "#000000",
              "placeholder": "rgba(0, 0, 0, 0.54)",
              "primary": "#6200ee",
              "surface": "#ffffff",
              "text": "#000000",
            },
            "dark": false,
            "fonts": Object {
              "light": Object {
                "fontFamily": "System",
                "fontWeight": "300",
              },
              "medium": Object {
                "fontFamily": "System",
                "fontWeight": "500",
              },
              "regular": Object {
                "fontFamily": "System",
                "fontWeight": "400",
              },
              "thin": Object {
                "fontFamily": "System",
                "fontWeight": "100",
              },
            },
            "roundness": 4,
          }
        }
      >
        <Text
          numberOfLines={1}
          style={
            Array [
              Object {
                "color": "#000000",
                "fontFamily": "System",
                "fontWeight": "400",
                "textAlign": "left",
              },
              Array [
                Object {
                  "paddingHorizontal": 16,
                  "paddingVertical": 13,
                },
                Object {
                  "color": "rgba(0, 0, 0, 0.54)",
                  "fontFamily": "System",
                  "fontWeight": "500",
                },
                Object {
                  "color": "#0d253f",
                  "fontSize": 18,
                  "fontWeight": "bold",
                },
              ],
            ]
          }
        >
          Results
        </Text>
        <RCTScrollView
          data={
            Array [
              Object {
                "id": 603,
                "overview": "Set in the 22nd century, The Matrix tells the story of a computer hacker who joins a group of underground insurgents fighting the vast and powerful computers who now rule the earth.",
                "poster_path": "/dXNAPwY7VrqMAo51EKhhCJfaGb5.jpg",
                "release_date": "1999-03-30",
                "title": "The Matrix",
                "vote_average": 8.1,
              },
              Object {
                "id": 604,
                "overview": "Six months after the events depicted in The Matrix, Neo has proved to be a good omen for the free humans, as more and more humans are being freed from the matrix and brought to Zion, the one and only stronghold of the Resistance.  Neo himself has discovered his superpowers including super speed, ability to see the codes of the things inside the matrix and a certain degree of pre-cognition. But a nasty piece of news hits the human resistance: 250,000 machine sentinels are digging to Zion and would reach them in 72 hours. As Zion prepares for the ultimate war, Neo, Morpheus and Trinity are advised by the Oracle to find the Keymaker who would help them reach the Source.  Meanwhile Neo's recurrent dreams depicting Trinity's death have got him worried and as if it was not enough, Agent Smith has somehow escaped deletion, has become more powerful than before and has fixed Neo as his next target.",
                "poster_path": "/jBegA6V243J6HUnpcOILsRvBnGb.jpg",
                "release_date": "2003-05-15",
                "title": "The Matrix Reloaded",
                "vote_average": 6.9,
              },
              Object {
                "id": 605,
                "overview": "The human city of Zion defends itself against the massive invasion of the machines as Neo fights to end the war at another front while also opposing the rogue Agent Smith.",
                "poster_path": "/fgm8OZ7o4G1G1I9EeGcb85Noe6L.jpg",
                "release_date": "2003-11-03",
                "title": "The Matrix Revolutions",
                "vote_average": 6.6,
              },
            ]
          }
          disableVirtualization={false}
          getItem={[Function]}
          getItemCount={[Function]}
          horizontal={false}
          initialNumToRender={10}
          keyExtractor={[Function]}
          maxToRenderPerBatch={10}
          onContentSizeChange={[Function]}
          onEndReachedThreshold={2}
          onLayout={[Function]}
          onMomentumScrollEnd={[Function]}
          onScroll={[Function]}
          onScrollBeginDrag={[Function]}
          onScrollEndDrag={[Function]}
          removeClippedSubviews={false}
          renderItem={[Function]}
          scrollEventThrottle={50}
          stickyHeaderIndices={Array []}
          updateCellsBatchingPeriod={50}
          viewabilityConfigCallbackPairs={Array []}
          windowSize={21}
        >
          <View>
            <View
              onLayout={[Function]}
              style={null}
            >
              <View
                accessible={true}
                focusable={true}
                onClick={[Function]}
                onResponderGrant={[Function]}
                onResponderMove={[Function]}
                onResponderRelease={[Function]}
                onResponderTerminate={[Function]}
                onResponderTerminationRequest={[Function]}
                onStartShouldSetResponder={[Function]}
                style={
                  Array [
                    false,
                    Array [
                      Object {
                        "padding": 8,
                      },
                      undefined,
                    ],
                  ]
                }
              >
                <View
                  style={
                    Object {
                      "flexDirection": "row",
                    }
                  }
                >
                  <Image
                    resizeMode="contain"
                    source={
                      Object {
                        "uri": "https://image.tmdb.org/t/p/w154/dXNAPwY7VrqMAo51EKhhCJfaGb5.jpg",
                      }
                    }
                    style={
                      Object {
                        "borderRadius": 3,
                        "height": 100,
                        "width": 70,
                      }
                    }
                  />
                  <View
                    style={
                      Array [
                        Object {
                          "marginVertical": 6,
                          "paddingLeft": 8,
                        },
                        Object {
                          "flex": 1,
                          "justifyContent": "center",
                        },
                      ]
                    }
                  >
                    <Text
                      numberOfLines={1}
                      style={
                        Array [
                          Object {
                            "color": "#000000",
                            "fontFamily": "System",
                            "fontWeight": "400",
                            "textAlign": "left",
                          },
                          Array [
                            Object {
                              "fontSize": 16,
                            },
                            Object {
                              "color": "rgba(0, 0, 0, 0.87)",
                            },
                            undefined,
                          ],
                        ]
                      }
                    >
                      The Matrix
                    </Text>
                    <Text
                      numberOfLines={2}
                      style={
                        Array [
                          Object {
                            "color": "#000000",
                            "fontFamily": "System",
                            "fontWeight": "400",
                            "textAlign": "left",
                          },
                          Array [
                            Object {
                              "fontSize": 14,
                            },
                            Object {
                              "color": "rgba(0, 0, 0, 0.54)",
                            },
                            undefined,
                          ],
                        ]
                      }
                    >
                      Set in the 22nd century, The Matrix tells the story of a computer hacker who joins a group of underground insurgents fighting the vast and powerful computers who now rule the earth.
                    </Text>
                  </View>
                  <Text
                    style={
                      Array [
                        Object {
                          "color": "#000000",
                          "fontFamily": "System",
                          "fontWeight": "400",
                          "textAlign": "left",
                        },
                        undefined,
                      ]
                    }
                  >
                    8.1/10
                  </Text>
                </View>
              </View>
            </View>
            <View
              onLayout={[Function]}
              style={null}
            >
              <View
                accessible={true}
                focusable={true}
                onClick={[Function]}
                onResponderGrant={[Function]}
                onResponderMove={[Function]}
                onResponderRelease={[Function]}
                onResponderTerminate={[Function]}
                onResponderTerminationRequest={[Function]}
                onStartShouldSetResponder={[Function]}
                style={
                  Array [
                    false,
                    Array [
                      Object {
                        "padding": 8,
                      },
                      undefined,
                    ],
                  ]
                }
              >
                <View
                  style={
                    Object {
                      "flexDirection": "row",
                    }
                  }
                >
                  <Image
                    resizeMode="contain"
                    source={
                      Object {
                        "uri": "https://image.tmdb.org/t/p/w154/jBegA6V243J6HUnpcOILsRvBnGb.jpg",
                      }
                    }
                    style={
                      Object {
                        "borderRadius": 3,
                        "height": 100,
                        "width": 70,
                      }
                    }
                  />
                  <View
                    style={
                      Array [
                        Object {
                          "marginVertical": 6,
                          "paddingLeft": 8,
                        },
                        Object {
                          "flex": 1,
                          "justifyContent": "center",
                        },
                      ]
                    }
                  >
                    <Text
                      numberOfLines={1}
                      style={
                        Array [
                          Object {
                            "color": "#000000",
                            "fontFamily": "System",
                            "fontWeight": "400",
                            "textAlign": "left",
                          },
                          Array [
                            Object {
                              "fontSize": 16,
                            },
                            Object {
                              "color": "rgba(0, 0, 0, 0.87)",
                            },
                            undefined,
                          ],
                        ]
                      }
                    >
                      The Matrix Reloaded
                    </Text>
                    <Text
                      numberOfLines={2}
                      style={
                        Array [
                          Object {
                            "color": "#000000",
                            "fontFamily": "System",
                            "fontWeight": "400",
                            "textAlign": "left",
                          },
                          Array [
                            Object {
                              "fontSize": 14,
                            },
                            Object {
                              "color": "rgba(0, 0, 0, 0.54)",
                            },
                            undefined,
                          ],
                        ]
                      }
                    >
                      Six months after the events depicted in The Matrix, Neo has proved to be a good omen for the free humans, as more and more humans are being freed from the matrix and brought to Zion, the one and only stronghold of the Resistance.  Neo himself has discovered his superpowers including super speed, ability to see the codes of the things inside the matrix and a certain degree of pre-cognition. But a nasty piece of news hits the human resistance: 250,000 machine sentinels are digging to Zion and would reach them in 72 hours. As Zion prepares for the ultimate war, Neo, Morpheus and Trinity are advised by the Oracle to find the Keymaker who would help them reach the Source.  Meanwhile Neo's recurrent dreams depicting Trinity's death have got him worried and as if it was not enough, Agent Smith has somehow escaped deletion, has become more powerful than before and has fixed Neo as his next target.
                    </Text>
                  </View>
                  <Text
                    style={
                      Array [
                        Object {
                          "color": "#000000",
                          "fontFamily": "System",
                          "fontWeight": "400",
                          "textAlign": "left",
                        },
                        undefined,
                      ]
                    }
                  >
                    6.9/10
                  </Text>
                </View>
              </View>
            </View>
            <View
              onLayout={[Function]}
              style={null}
            >
              <View
                accessible={true}
                focusable={true}
                onClick={[Function]}
                onResponderGrant={[Function]}
                onResponderMove={[Function]}
                onResponderRelease={[Function]}
                onResponderTerminate={[Function]}
                onResponderTerminationRequest={[Function]}
                onStartShouldSetResponder={[Function]}
                style={
                  Array [
                    false,
                    Array [
                      Object {
                        "padding": 8,
                      },
                      undefined,
                    ],
                  ]
                }
              >
                <View
                  style={
                    Object {
                      "flexDirection": "row",
                    }
                  }
                >
                  <Image
                    resizeMode="contain"
                    source={
                      Object {
                        "uri": "https://image.tmdb.org/t/p/w154/fgm8OZ7o4G1G1I9EeGcb85Noe6L.jpg",
                      }
                    }
                    style={
                      Object {
                        "borderRadius": 3,
                        "height": 100,
                        "width": 70,
                      }
                    }
                  />
                  <View
                    style={
                      Array [
                        Object {
                          "marginVertical": 6,
                          "paddingLeft": 8,
                        },
                        Object {
                          "flex": 1,
                          "justifyContent": "center",
                        },
                      ]
                    }
                  >
                    <Text
                      numberOfLines={1}
                      style={
                        Array [
                          Object {
                            "color": "#000000",
                            "fontFamily": "System",
                            "fontWeight": "400",
                            "textAlign": "left",
                          },
                          Array [
                            Object {
                              "fontSize": 16,
                            },
                            Object {
                              "color": "rgba(0, 0, 0, 0.87)",
                            },
                            undefined,
                          ],
                        ]
                      }
                    >
                      The Matrix Revolutions
                    </Text>
                    <Text
                      numberOfLines={2}
                      style={
                        Array [
                          Object {
                            "color": "#000000",
                            "fontFamily": "System",
                            "fontWeight": "400",
                            "textAlign": "left",
                          },
                          Array [
                            Object {
                              "fontSize": 14,
                            },
                            Object {
                              "color": "rgba(0, 0, 0, 0.54)",
                            },
                            undefined,
                          ],
                        ]
                      }
                    >
                      The human city of Zion defends itself against the massive invasion of the machines as Neo fights to end the war at another front while also opposing the rogue Agent Smith.
                    </Text>
                  </View>
                  <Text
                    style={
                      Array [
                        Object {
                          "color": "#000000",
                          "fontFamily": "System",
                          "fontWeight": "400",
                          "textAlign": "left",
                        },
                        undefined,
                      ]
                    }
                  >
                    6.6/10
                  </Text>
                </View>
              </View>
            </View>
          </View>
        </RCTScrollView>
      </View>
    </View>
  </View>,
]
`;
